// Jest Snapshot v1, https://goo.gl/fbAQLP

exports[`Test <Header /> should render links, buttons, icons, avatar, image correctly 1`] = `
<div
  class="css-1seza0f"
  data-testid="navigationBar"
>
  <div
    class="css-120egg3"
  >
    <div
      class="chakra-stack css-19qfvaz"
      data-testid="links"
    >
      <a
        class="chakra-link css-12b0rhz"
        href="https://www.chenxii.xyz"
        rel="noopener noreferrer"
        target="_blank"
      >
        <p
          class="chakra-text css-4g6ai3"
        >
          探索
        </p>
      </a>
      <a
        class="chakra-link css-12b0rhz"
        href="https://www.chenxii.xyz"
        rel="noopener noreferrer"
        target="_blank"
      >
        <p
          class="chakra-text css-4g6ai3"
        >
          题库
        </p>
      </a>
      <a
        class="chakra-link css-12b0rhz"
        href="https://www.chenxii.xyz"
        rel="noopener noreferrer"
        target="_blank"
      >
        <p
          class="chakra-text css-4g6ai3"
        >
          讨论
        </p>
      </a>
      <a
        class="chakra-link css-12b0rhz"
        href="https://www.chenxii.xyz"
        rel="noopener noreferrer"
        target="_blank"
      >
        <p
          class="chakra-text css-4g6ai3"
        >
          竞赛
        </p>
      </a>
      <a
        class="chakra-link css-12b0rhz"
        href="https://www.chenxii.xyz"
        rel="noopener noreferrer"
        target="_blank"
      >
        <p
          class="chakra-text css-4g6ai3"
        >
          企业
        </p>
      </a>
    </div>
    <div
      class="chakra-stack css-19qfvaz"
    >
      <button
        class="chakra-button css-7q1pq8"
        data-testid="btn__download"
        type="button"
      >
        <span
          class="chakra-button__icon css-9u48bm"
        >
          <svg
            aria-hidden="true"
            fill="currentColor"
            focusable="false"
            height="1em"
            stroke="currentColor"
            stroke-width="0"
            viewBox="0 0 24 24"
            width="1em"
            xmlns="http://www.w3.org/2000/svg"
          >
            <path
              d="M17 3H7c-1.1 0-1.99.9-1.99 2L5 21l7-3 7 3V5c0-1.1-.9-2-2-2zm0 15l-5-2.18L7 18V5h10v13z"
            />
          </svg>
        </span>
        下载App
      </button>
      <button
        class="chakra-button css-18y46rx"
        data-testid="btn__premium"
        type="button"
      >
        <span
          class="chakra-button__icon css-9u48bm"
        >
          <svg
            aria-hidden="true"
            fill="currentColor"
            focusable="false"
            height="1em"
            stroke="currentColor"
            stroke-width="0"
            viewBox="0 0 24 24"
            width="1em"
            xmlns="http://www.w3.org/2000/svg"
          >
            <path
              d="M13 7h-2v4H7v2h4v4h2v-4h4v-2h-4V7zm-1-5C6.49 2 2 6.49 2 12s4.49 10 10 10 10-4.49 10-10S17.51 2 12 2zm0 18c-4.41 0-8-3.59-8-8s3.59-8 8-8 8 3.59 8 8-3.59 8-8 8z"
            />
          </svg>
        </span>
        Plus会员
      </button>
      <div
        class="css-15gbdmn"
      >
        <svg
          color="rgba(140, 140, 140, 1)"
          cursor="pointer"
          data-testid="icon__clipboard"
          fill="currentColor"
          height="18"
          size="18"
          stroke="currentColor"
          stroke-width="0"
          style="color: rgb(140, 140, 140);"
          viewBox="0 0 16 16"
          width="18"
          xmlns="http://www.w3.org/2000/svg"
        >
          <path
            clip-rule="evenodd"
            d="M4 1.5H3a2 2 0 00-2 2V14a2 2 0 002 2h10a2 2 0 002-2V3.5a2 2 0 00-2-2h-1v1h1a1 1 0 011 1V14a1 1 0 01-1 1H3a1 1 0 01-1-1V3.5a1 1 0 011-1h1v-1z"
            fill-rule="evenodd"
          />
          <path
            clip-rule="evenodd"
            d="M9.5 1h-3a.5.5 0 00-.5.5v1a.5.5 0 00.5.5h3a.5.5 0 00.5-.5v-1a.5.5 0 00-.5-.5zm-3-1A1.5 1.5 0 005 1.5v1A1.5 1.5 0 006.5 4h3A1.5 1.5 0 0011 2.5v-1A1.5 1.5 0 009.5 0h-3z"
            fill-rule="evenodd"
          />
          <path
            d="M4 11a1 1 0 112 0v1a1 1 0 11-2 0v-1zm6-4a1 1 0 112 0v5a1 1 0 11-2 0V7zM7 9a1 1 0 012 0v3a1 1 0 11-2 0V9z"
          />
        </svg>
      </div>
      <div
        class="css-1anw30t"
      >
        <svg
          color="rgba(140, 140, 140, 1)"
          cursor="pointer"
          data-testid="icon__bell"
          fill="currentColor"
          height="18"
          size="18"
          stroke="currentColor"
          stroke-width="0"
          style="color: rgb(140, 140, 140);"
          viewBox="0 0 16 16"
          width="18"
          xmlns="http://www.w3.org/2000/svg"
        >
          <path
            d="M8 16a2 2 0 002-2H6a2 2 0 002 2z"
          />
          <path
            clip-rule="evenodd"
            d="M8 1.918l-.797.161A4.002 4.002 0 004 6c0 .628-.134 2.197-.459 3.742-.16.767-.376 1.566-.663 2.258h10.244c-.287-.692-.502-1.49-.663-2.258C12.134 8.197 12 6.628 12 6a4.002 4.002 0 00-3.203-3.92L8 1.917zM14.22 12c.223.447.481.801.78 1H1c.299-.199.557-.553.78-1C2.68 10.2 3 6.88 3 6c0-2.42 1.72-4.44 4.005-4.901a1 1 0 111.99 0A5.002 5.002 0 0113 6c0 .88.32 4.2 1.22 6z"
            fill-rule="evenodd"
          />
        </svg>
      </div>
      <span
        class="chakra-avatar css-9rtrme"
        data-testid="avatar"
      >
        <svg
          class="css-16ite8i"
          role="img"
          viewBox="0 0 128 128"
        >
          <path
            d="M103,102.1388 C93.094,111.92 79.3504,118 64.1638,118 C48.8056,118 34.9294,111.768 25,101.7892 L25,95.2 C25,86.8096 31.981,80 40.6,80 L87.4,80 C96.019,80 103,86.8096 103,95.2 L103,102.1388 Z"
            fill="currentColor"
          />
          <path
            d="M63.9961647,24 C51.2938136,24 41,34.2938136 41,46.9961647 C41,59.7061864 51.2938136,70 63.9961647,70 C76.6985159,70 87,59.7061864 87,46.9961647 C87,34.2938136 76.6985159,24 63.9961647,24"
            fill="currentColor"
          />
        </svg>
        <div
          class="chakra-avatar__badge css-1uh4lzh"
        />
      </span>
      <button
        aria-label="Switch to dark mode"
        class="chakra-button css-1jr0f57"
        data-testid="colorSwitcher"
        type="button"
      >
        <svg
          aria-hidden="true"
          fill="currentColor"
          focusable="false"
          height="1em"
          stroke="currentColor"
          stroke-width="0"
          viewBox="0 0 512 512"
          width="1em"
          xmlns="http://www.w3.org/2000/svg"
        >
          <path
            d="M283.211 512c78.962 0 151.079-35.925 198.857-94.792 7.068-8.708-.639-21.43-11.562-19.35-124.203 23.654-238.262-71.576-238.262-196.954 0-72.222 38.662-138.635 101.498-174.394 9.686-5.512 7.25-20.197-3.756-22.23A258.156 258.156 0 0 0 283.211 0c-141.309 0-256 114.511-256 256 0 141.309 114.511 256 256 256z"
          />
        </svg>
      </button>
    </div>
    <img
      alt="new feature"
      class="chakra-image__placeholder css-1l7cmaq"
    />
  </div>
</div>
`;
